// Jest Snapshot v1, https://goo.gl/fbAQLP

exports[`"scaleUp" option should work with false when target width is large: result 1`] = `"fdaf70a107ad3cebfaf1e03ff0601c1c.jpg"`;

exports[`"scaleUp" option should work with false when target width is small: result 1`] = `"e9cac5dc1b3f4b537ff58229490ade0c.jpg"`;

exports[`"scaleUp" option should work with true when target width is large: result 1`] = `"8cf182003e03b2b8ac2e993a5dc5f308.jpg"`;

exports[`"scaleUp" option should work with true when target width is small: result 1`] = `"e9cac5dc1b3f4b537ff58229490ade0c.jpg"`;
