// Jest Snapshot v1, https://goo.gl/fbAQLP

exports[`"size" option should work with { width: 10 }: result 1`] = `"e9cac5dc1b3f4b537ff58229490ade0c.jpg"`;

exports[`"size" option should work with { width: 10000000 }: result 1`] = `"fdaf70a107ad3cebfaf1e03ff0601c1c.jpg"`;
